Testing CREATE

CREATE TABLE t(id INT PRIMARY KEY NOT NULL, name CHAR(50));
CREATE TABLE t(id INT PRIMARY KEY UNIQUE NOT NULL, name CHAR(50));
CREATE TABLE t(id INT PRIMARY KEY NOT NULL UNIQUE, name CHAR(50));
CREATE TABLE t(id INT UNIQUE, name CHAR(50));
CREATE TABLE t(id INT UNIQUE, name CHAR(50) NOT NULL);
CREATE TABLE t(id INT, name CHAR(50), age FLOAT, score INT);
